bt version dev
Commit: unknown
Built: 2023-01-01T00:00:00Z
Go version: go1.24.4