{
  "version": "dev",
  "commit": "unknown",
  "date": "2023-01-01T00:00:00Z",
  "go_version": "go1.24.4"
}